// Jest Snapshot v1, https://jestjs.io/docs/snapshot-testing

exports[`Bucket Construct Bucket Snapshot Test 1`] = `
{
  "Parameters": {
    "BootstrapVersion": {
      "Default": "/cdk-bootstrap/hnb659fds/version",
      "Description": "Version of the CDK Bootstrap resources in this environment, automatically retrieved from SSM Parameter Store. [cdk:skip]",
      "Type": "AWS::SSM::Parameter::Value<String>",
    },
  },
  "Resources": {
    "AWS679f53fac002430cb0da5b7982bd22872D164C4C": {
      "DependsOn": [
        "AWS679f53fac002430cb0da5b7982bd2287ServiceRoleC1EA0FF2",
      ],
      "Properties": {
        "Code": {
          "S3Bucket": {
            "Fn::Sub": "cdk-hnb659fds-assets-\${AWS::AccountId}-\${AWS::Region}",
          },
          "S3Key": "11d371859e49f3b1a49896583254890801a40beada56e4c84409a179a221e2e2.zip",
        },
        "Handler": "index.handler",
        "Role": {
          "Fn::GetAtt": [
            "AWS679f53fac002430cb0da5b7982bd2287ServiceRoleC1EA0FF2",
            "Arn",
          ],
        },
        "Runtime": "nodejs12.x",
        "Timeout": 120,
      },
      "Type": "AWS::Lambda::Function",
    },
    "AWS679f53fac002430cb0da5b7982bd2287ServiceRoleC1EA0FF2": {
      "Properties": {
        "AssumeRolePolicyDocument": {
          "Statement": [
            {
              "Action": "sts:AssumeRole",
              "Effect": "Allow",
              "Principal": {
                "Service": "lambda.amazonaws.com",
              },
            },
          ],
          "Version": "2012-10-17",
        },
        "ManagedPolicyArns": [
          {
            "Fn::Join": [
              "",
              [
                "arn:",
                {
                  "Ref": "AWS::Partition",
                },
                ":iam::aws:policy/service-role/AWSLambdaBasicExecutionRole",
              ],
            ],
          },
        ],
      },
      "Type": "AWS::IAM::Role",
    },
    "MyVectorBucketS3VectorStoreCustomResourceCustomResourcePolicy7A53AB6E": {
      "Properties": {
        "PolicyDocument": {
          "Statement": [
            {
              "Action": "s3vectors:CreateVectorBucket",
              "Effect": "Allow",
              "Resource": "*",
            },
            {
              "Action": "s3vectors:DeleteVectorBucket",
              "Effect": "Allow",
              "Resource": "*",
            },
          ],
          "Version": "2012-10-17",
        },
        "PolicyName": "MyVectorBucketS3VectorStoreCustomResourceCustomResourcePolicy7A53AB6E",
        "Roles": [
          {
            "Ref": "AWS679f53fac002430cb0da5b7982bd2287ServiceRoleC1EA0FF2",
          },
        ],
      },
      "Type": "AWS::IAM::Policy",
    },
    "MyVectorBucketS3VectorStoreCustomResourceD70E6278": {
      "DeletionPolicy": "Delete",
      "DependsOn": [
        "MyVectorBucketS3VectorStoreCustomResourceCustomResourcePolicy7A53AB6E",
      ],
      "Properties": {
        "Create": "{"service":"S3Vectors","action":"createVectorBucket","parameters":{"vectorBucketName":"my-test-bucket"},"physicalResourceId":{"id":"my-test-bucket-us-east-1-{}"},"region":"us-east-1"}",
        "Delete": "{"service":"S3Vectors","action":"deleteVectorBucket","parameters":{"vectorBucketName":"my-test-bucket"},"region":"us-east-1"}",
        "InstallLatestAwsSdk": true,
        "ServiceToken": {
          "Fn::GetAtt": [
            "AWS679f53fac002430cb0da5b7982bd22872D164C4C",
            "Arn",
          ],
        },
      },
      "Type": "Custom::AWS",
      "UpdateReplacePolicy": "Delete",
    },
  },
  "Rules": {
    "CheckBootstrapVersion": {
      "Assertions": [
        {
          "Assert": {
            "Fn::Not": [
              {
                "Fn::Contains": [
                  [
                    "1",
                    "2",
                    "3",
                    "4",
                    "5",
                  ],
                  {
                    "Ref": "BootstrapVersion",
                  },
                ],
              },
            ],
          },
          "AssertDescription": "CDK bootstrap stack version 6 required. Please run 'cdk bootstrap' with a recent version of the CDK CLI.",
        },
      ],
    },
  },
}
`;
